/Library/Frameworks/Python.framework/Versions/3.12/lib/python3.12/site-packages/requests/__init__.py:113: RequestsDependencyWarning: urllib3 (2.7.0) or chardet (7.4.3)/charset_normalizer (3.4.9) doesn't match a supported version!
  warnings.warn(
targets: 216 | already voted: 0 | todo: 216
progress 5/216 (flushed checkpoint)
progress 10/216 (flushed checkpoint)
progress 15/216 (flushed checkpoint)
progress 20/216 (flushed checkpoint)
progress 25/216 (flushed checkpoint)
progress 30/216 (flushed checkpoint)
progress 35/216 (flushed checkpoint)
progress 40/216 (flushed checkpoint)
progress 45/216 (flushed checkpoint)
progress 50/216 (flushed checkpoint)
progress 55/216 (flushed checkpoint)
progress 60/216 (flushed checkpoint)
progress 65/216 (flushed checkpoint)
progress 70/216 (flushed checkpoint)
progress 75/216 (flushed checkpoint)
progress 80/216 (flushed checkpoint)
progress 85/216 (flushed checkpoint)
progress 90/216 (flushed checkpoint)
progress 95/216 (flushed checkpoint)
progress 100/216 (flushed checkpoint)
progress 105/216 (flushed checkpoint)
progress 110/216 (flushed checkpoint)
progress 115/216 (flushed checkpoint)
progress 120/216 (flushed checkpoint)
progress 125/216 (flushed checkpoint)
progress 130/216 (flushed checkpoint)
progress 135/216 (flushed checkpoint)
progress 140/216 (flushed checkpoint)
progress 145/216 (flushed checkpoint)
progress 150/216 (flushed checkpoint)
progress 155/216 (flushed checkpoint)
progress 160/216 (flushed checkpoint)
progress 165/216 (flushed checkpoint)
progress 170/216 (flushed checkpoint)
progress 175/216 (flushed checkpoint)
progress 180/216 (flushed checkpoint)
progress 185/216 (flushed checkpoint)
progress 190/216 (flushed checkpoint)
progress 195/216 (flushed checkpoint)
progress 200/216 (flushed checkpoint)
progress 205/216 (flushed checkpoint)
progress 210/216 (flushed checkpoint)
progress 215/216 (flushed checkpoint)
progress 216/216 (flushed checkpoint)
done 216/216
