/Library/Frameworks/Python.framework/Versions/3.12/lib/python3.12/site-packages/requests/__init__.py:113: RequestsDependencyWarning: urllib3 (2.7.0) or chardet (7.4.3)/charset_normalizer (3.4.9) doesn't match a supported version!
  warnings.warn(
targets: 190 | already voted: 45 | todo: 145
progress 5/145 (flushed checkpoint)
progress 10/145 (flushed checkpoint)
progress 15/145 (flushed checkpoint)
progress 20/145 (flushed checkpoint)
progress 25/145 (flushed checkpoint)
progress 30/145 (flushed checkpoint)
progress 35/145 (flushed checkpoint)
progress 40/145 (flushed checkpoint)
progress 45/145 (flushed checkpoint)
progress 50/145 (flushed checkpoint)
progress 55/145 (flushed checkpoint)
progress 60/145 (flushed checkpoint)
progress 65/145 (flushed checkpoint)
progress 70/145 (flushed checkpoint)
progress 75/145 (flushed checkpoint)
progress 80/145 (flushed checkpoint)
progress 85/145 (flushed checkpoint)
progress 90/145 (flushed checkpoint)
progress 95/145 (flushed checkpoint)
progress 100/145 (flushed checkpoint)
progress 105/145 (flushed checkpoint)
progress 110/145 (flushed checkpoint)
progress 115/145 (flushed checkpoint)
progress 120/145 (flushed checkpoint)
progress 125/145 (flushed checkpoint)
progress 130/145 (flushed checkpoint)
progress 135/145 (flushed checkpoint)
progress 140/145 (flushed checkpoint)
progress 145/145 (flushed checkpoint)
done 145/145
