/Library/Frameworks/Python.framework/Versions/3.12/lib/python3.12/site-packages/requests/__init__.py:113: RequestsDependencyWarning: urllib3 (2.7.0) or chardet (7.4.3)/charset_normalizer (3.4.9) doesn't match a supported version!
  warnings.warn(
  ⚠️  vec_fbs unavailable, falling back to FTS
  ⚠️  vec_fbs unavailable, falling back to FTS
  ⚠️  vec_fbs unavailable, falling back to FTS
  ⚠️  vec_fbs unavailable, falling back to FTS
  ⚠️  vec_fbs unavailable, falling back to FTS
  ⚠️  vec_fbs unavailable, falling back to FTS
  ⚠️  vec_fbs unavailable, falling back to FTS
  ⚠️  vec_fbs unavailable, falling back to FTS
  ⚠️  vec_fbs unavailable, falling back to FTS
  ⚠️  vec_fbs unavailable, falling back to FTS
  ⚠️  vec_fbs unavailable, falling back to FTS
  ⚠️  vec_fbs unavailable, falling back to FTS
  ⚠️  vec_fbs unavailable, falling back to FTS
  ⚠️  vec_fbs unavailable, falling back to FTS
  ⚠️  vec_fbs unavailable, falling back to FTS
  ⚠️  vec_fbs unavailable, falling back to FTS
  ⚠️  vec_fbs unavailable, falling back to FTS
  ⚠️  vec_fbs unavailable, falling back to FTS
  ⚠️  vec_fbs unavailable, falling back to FTS
  ⚠️  vec_fbs unavailable, falling back to FTS
  ⚠️  vec_fbs unavailable, falling back to FTS
  ⚠️  vec_fbs unavailable, falling back to FTS
  ⚠️  vec_fbs unavailable, falling back to FTS
  ⚠️  vec_fbs unavailable, falling back to FTS
  ⚠️  vec_fbs unavailable, falling back to FTS
  ⚠️  vec_fbs unavailable, falling back to FTS
  ⚠️  vec_fbs unavailable, falling back to FTS
  ⚠️  vec_fbs unavailable, falling back to FTS
  ⚠️  vec_fbs unavailable, falling back to FTS
  ⚠️  vec_fbs unavailable, falling back to FTS
  ⚠️  vec_fbs unavailable, falling back to FTS
  ⚠️  vec_fbs unavailable, falling back to FTS
  ⚠️  vec_fbs unavailable, falling back to FTS
  ⚠️  vec_fbs unavailable, falling back to FTS
  ⚠️  vec_fbs unavailable, falling back to FTS
  ⚠️  vec_fbs unavailable, falling back to FTS
  ⚠️  vec_fbs unavailable, falling back to FTS
  ⚠️  vec_fbs unavailable, falling back to FTS
  ⚠️  vec_fbs unavailable, falling back to FTS
  ⚠️  vec_fbs unavailable, falling back to FTS
  ⚠️  vec_fbs unavailable, falling back to FTS
  ⚠️  vec_fbs unavailable, falling back to FTS
  ⚠️  vec_fbs unavailable, falling back to FTS
  ⚠️  vec_fbs unavailable, falling back to FTS
  ⚠️  vec_fbs unavailable, falling back to FTS
  ⚠️  vec_fbs unavailable, falling back to FTS
  ⚠️  vec_fbs unavailable, falling back to FTS
  ⚠️  vec_fbs unavailable, falling back to FTS
  ⚠️  vec_fbs unavailable, falling back to FTS
  ⚠️  vec_fbs unavailable, falling back to FTS
  ⚠️  vec_fbs unavailable, falling back to FTS
  ⚠️  vec_fbs unavailable, falling back to FTS
  ⚠️  vec_fbs unavailable, falling back to FTS
  ⚠️  vec_fbs unavailable, falling back to FTS
  ⚠️  vec_fbs unavailable, falling back to FTS
  ⚠️  vec_fbs unavailable, falling back to FTS
  ⚠️  vec_fbs unavailable, falling back to FTS
  ⚠️  vec_fbs unavailable, falling back to FTS
  ⚠️  vec_fbs unavailable, falling back to FTS
  ⚠️  vec_fbs unavailable, falling back to FTS
  ⚠️  vec_fbs unavailable, falling back to FTS
  ⚠️  vec_fbs unavailable, falling back to FTS
  ⚠️  vec_fbs unavailable, falling back to FTS
  ⚠️  vec_fbs unavailable, falling back to FTS
  ⚠️  vec_fbs unavailable, falling back to FTS
  ⚠️  vec_fbs unavailable, falling back to FTS
  ⚠️  vec_fbs unavailable, falling back to FTS
  ⚠️  vec_fbs unavailable, falling back to FTS
  ⚠️  vec_fbs unavailable, falling back to FTS
  ⚠️  vec_fbs unavailable, falling back to FTS
  ⚠️  vec_fbs unavailable, falling back to FTS
  ⚠️  vec_fbs unavailable, falling back to FTS
  ⚠️  vec_fbs unavailable, falling back to FTS
  ⚠️  vec_fbs unavailable, falling back to FTS
  ⚠️  vec_fbs unavailable, falling back to FTS
  ⚠️  vec_fbs unavailable, falling back to FTS
  ⚠️  vec_fbs unavailable, falling back to FTS
  ⚠️  vec_fbs unavailable, falling back to FTS
  ⚠️  vec_fbs unavailable, falling back to FTS
  ⚠️  vec_fbs unavailable, falling back to FTS
  ⚠️  vec_fbs unavailable, falling back to FTS
  ⚠️  vec_fbs unavailable, falling back to FTS
  ⚠️  vec_fbs unavailable, falling back to FTS
  ⚠️  vec_fbs unavailable, falling back to FTS
  ⚠️  vec_fbs unavailable, falling back to FTS
  ⚠️  vec_fbs unavailable, falling back to FTS
  ⚠️  vec_fbs unavailable, falling back to FTS
  ⚠️  vec_fbs unavailable, falling back to FTS
  ⚠️  vec_fbs unavailable, falling back to FTS
  ⚠️  vec_fbs unavailable, falling back to FTS
  ⚠️  vec_fbs unavailable, falling back to FTS
  ⚠️  vec_fbs unavailable, falling back to FTS
  ⚠️  vec_fbs unavailable, falling back to FTS
  ⚠️  vec_fbs unavailable, falling back to FTS
  ⚠️  vec_fbs unavailable, falling back to FTS
  ⚠️  vec_fbs unavailable, falling back to FTS
  ⚠️  vec_fbs unavailable, falling back to FTS
  ⚠️  vec_fbs unavailable, falling back to FTS
  ⚠️  vec_fbs unavailable, falling back to FTS
  ⚠️  vec_fbs unavailable, falling back to FTS
  ⚠️  vec_fbs unavailable, falling back to FTS
  ⚠️  vec_fbs unavailable, falling back to FTS
  ⚠️  vec_fbs unavailable, falling back to FTS
  ⚠️  vec_fbs unavailable, falling back to FTS
  ⚠️  vec_fbs unavailable, falling back to FTS
  ⚠️  vec_fbs unavailable, falling back to FTS
  ⚠️  vec_fbs unavailable, falling back to FTS
  ⚠️  vec_fbs unavailable, falling back to FTS
  ⚠️  vec_fbs unavailable, falling back to FTS
  ⚠️  vec_fbs unavailable, falling back to FTS
  ⚠️  vec_fbs unavailable, falling back to FTS
  ⚠️  vec_fbs unavailable, falling back to FTS
  ⚠️  vec_fbs unavailable, falling back to FTS
  ⚠️  vec_fbs unavailable, falling back to FTS
  ⚠️  vec_fbs unavailable, falling back to FTS
  ⚠️  vec_fbs unavailable, falling back to FTS
  ⚠️  vec_fbs unavailable, falling back to FTS
  ⚠️  vec_fbs unavailable, falling back to FTS
  ⚠️  vec_fbs unavailable, falling back to FTS
  ⚠️  vec_fbs unavailable, falling back to FTS
{
  "aggregate": {
    "fts": {
      "recall": 0.5667,
      "mrr": 0.3956,
      "precision": 0.0567
    },
    "vector": {
      "recall": 0.5667,
      "mrr": 0.3956,
      "precision": 0.0567
    },
    "hybrid": {
      "recall": 0.5667,
      "mrr": 0.3956,
      "precision": 0.0567
    },
    "hyde": {
      "recall": 0.8,
      "mrr": 0.5282,
      "precision": 0.08
    },
    "hybrid+hyde": {
      "recall": 0.8,
      "mrr": 0.5119,
      "precision": 0.08
    }
  },
  "per_query": [
    {
      "query": "how do organizations recover from a major crisis",
      "type": "synonym",
      "methods": {
        "fts": {
          "recall": 1.0,
          "mrr": 1.0,
          "precision": 0.1,
          "top_hits": [
            "569e02f7758cd4b0",
            "36e5e934f69ef2bc",
            "109a796e9e22522e",
            "52a76acb89cd4141",
            "cb7da428453e7d70",
            "cb123ee3be8f4d5c",
            "dfdb08cf6534eea8",
            "62fcbd697763ddc6",
            "26577bd48963c0e7",
            "35651db5a6e8bc7f"
          ]
        },
        "vector": {
          "recall": 1.0,
          "mrr": 1.0,
          "precision": 0.1,
          "top_hits": [
            "569e02f7758cd4b0",
            "36e5e934f69ef2bc",
            "109a796e9e22522e",
            "52a76acb89cd4141",
            "cb7da428453e7d70",
            "cb123ee3be8f4d5c",
            "dfdb08cf6534eea8",
            "62fcbd697763ddc6",
            "26577bd48963c0e7",
            "35651db5a6e8bc7f"
          ]
        },
        "hybrid": {
          "recall": 1.0,
          "mrr": 1.0,
          "precision": 0.1,
          "top_hits": [
            "569e02f7758cd4b0",
            "36e5e934f69ef2bc",
            "109a796e9e22522e",
            "52a76acb89cd4141",
            "cb7da428453e7d70",
            "cb123ee3be8f4d5c",
            "dfdb08cf6534eea8",
            "62fcbd697763ddc6",
            "26577bd48963c0e7",
            "35651db5a6e8bc7f"
          ]
        },
        "hyde": {
          "recall": 1.0,
          "mrr": 1.0,
          "precision": 0.1,
          "top_hits": [
            "569e02f7758cd4b0",
            "cb123ee3be8f4d5c",
            "71dd516566d09ecb",
            "f06161cee371952d",
            "452fe6eb9f09fdde",
            "f337711bd495a576",
            "0361981babbbbdf3",
            "52d854374b1b695b",
            "a7e4049dc05a8ab0",
            "109a796e9e22522e"
          ]
        },
        "hybrid+hyde": {
          "recall": 1.0,
          "mrr": 1.0,
          "precision": 0.1,
          "top_hits": [
            "569e02f7758cd4b0",
            "cb123ee3be8f4d5c",
            "109a796e9e22522e",
            "f06161cee371952d",
            "52a76acb89cd4141",
            "7afbee8fa3d279d6",
            "35651db5a6e8bc7f",
            "612790f36447d5da",
            "36e5e934f69ef2bc",
            "71dd516566d09ecb"
          ]
        }
      }
    },
    {
      "query": "what makes teams psychologically safe",
      "type": "synonym",
      "methods": {
        "fts": {
          "recall": 0.0,
          "mrr": 0.0,
          "precision": 0.0,
          "top_hits": [
            "69418d3ba47aeec2",
            "e05a1c8d94157b99",
            "6c9d05c2115fa5ca",
            "045de85d40e12862",
            "31126190daf55fe2",
            "569f673f8e685d08",
            "879fd00f4319ebfc",
            "6e6ffb2673926629",
            "faf10de441a5299f",
            "b8a2c6aecf8253ee"
          ]
        },
        "vector": {
          "recall": 0.0,
          "mrr": 0.0,
          "precision": 0.0,
          "top_hits": [
            "69418d3ba47aeec2",
            "e05a1c8d94157b99",
            "6c9d05c2115fa5ca",
            "045de85d40e12862",
            "31126190daf55fe2",
            "569f673f8e685d08",
            "879fd00f4319ebfc",
            "6e6ffb2673926629",
            "faf10de441a5299f",
            "b8a2c6aecf8253ee"
          ]
        },
        "hybrid": {
          "recall": 0.0,
          "mrr": 0.0,
          "precision": 0.0,
          "top_hits": [
            "69418d3ba47aeec2",
            "e05a1c8d94157b99",
            "6c9d05c2115fa5ca",
            "045de85d40e12862",
            "31126190daf55fe2",
            "569f673f8e685d08",
            "879fd00f4319ebfc",
            "6e6ffb2673926629",
            "faf10de441a5299f",
            "b8a2c6aecf8253ee"
          ]
        },
        "hyde": {
          "recall": 1.0,
          "mrr": 0.3333,
          "precision": 0.1,
          "top_hits": [
            "69418d3ba47aeec2",
            "a6f21683f4bc9741",
            "ab309999655e95c5",
            "f2610d8c6fd74a30",
            "967545b54c6bb606",
            "c7499e1ba7e625bf",
            "0cc5ff992a5d3c91",
            "be7a124ce308364e",
            "b6d5a57a03852382",
            "c254e6b56ece3c87"
          ]
        },
        "hybrid+hyde": {
          "recall": 1.0,
          "mrr": 0.3333,
          "precision": 0.1,
          "top_hits": [
            "69418d3ba47aeec2",
            "e05a1c8d94157b99",
            "ab309999655e95c5",
            "8bb6b6b505fe45ef",
            "a6f21683f4bc9741",
            "6e6ffb2673926629",
            "f2610d8c6fd74a30",
            "0cc5ff992a5d3c91",
            "b8a2c6aecf8253ee",
            "1a34fcf8e7d086cd"
          ]
        }
      }
    },
    {
      "query": "why do feedback loops stabilize a system",
      "type": "vocabulary-overlap",
      "methods": {
        "fts": {
          "recall": 0.0,
          "mrr": 0.0,
          "precision": 0.0,
          "top_hits": [
            "5e0cecd86d5c3558",
            "8086186685d0e93f",
            "351037302c411c27",
            "312e658fee550769",
            "a6d37b3460955f37",
            "8e79ce03deed25b5",
            "4b1f8ece56957952",
            "66dc2a7a27c6a0d7",
            "f236a41d4a978a29",
            "8550ebd5a8cfe6d1"
          ]
        },
        "vector": {
          "recall": 0.0,
          "mrr": 0.0,
          "precision": 0.0,
          "top_hits": [
            "5e0cecd86d5c3558",
            "8086186685d0e93f",
            "351037302c411c27",
            "312e658fee550769",
            "a6d37b3460955f37",
            "8e79ce03deed25b5",
            "4b1f8ece56957952",
            "66dc2a7a27c6a0d7",
            "f236a41d4a978a29",
            "8550ebd5a8cfe6d1"
          ]
        },
        "hybrid": {
          "recall": 0.0,
          "mrr": 0.0,
          "precision": 0.0,
          "top_hits": [
            "5e0cecd86d5c3558",
            "8086186685d0e93f",
            "351037302c411c27",
            "312e658fee550769",
            "a6d37b3460955f37",
            "8e79ce03deed25b5",
            "4b1f8ece56957952",
            "66dc2a7a27c6a0d7",
            "f236a41d4a978a29",
            "8550ebd5a8cfe6d1"
          ]
        },
        "hyde": {
          "recall": 0.0,
          "mrr": 0.0,
          "precision": 0.0,
          "top_hits": [
            "5e0cecd86d5c3558",
            "8e79ce03deed25b5",
            "ccad7f786a32decf",
            "312e658fee550769",
            "4b1f8ece56957952",
            "a0af897925ef9ec8",
            "886368942e293a6d",
            "a4d5c60598b26a64",
            "1dfb2151a14672ab",
            "a4a901889ce8dd20"
          ]
        },
        "hybrid+hyde": {
          "recall": 0.0,
          "mrr": 0.0,
          "precision": 0.0,
          "top_hits": [
            "5e0cecd86d5c3558",
            "8e79ce03deed25b5",
            "312e658fee550769",
            "4b1f8ece56957952",
            "351037302c411c27",
            "a4a901889ce8dd20",
            "a6d37b3460955f37",
            "1dfb2151a14672ab",
            "8550ebd5a8cfe6d1",
            "8086186685d0e93f"
          ]
        }
      }
    },
    {
      "query": "how to build resilient distributed systems",
      "type": "synonym",
      "methods": {
        "fts": {
          "recall": 0.0,
          "mrr": 0.0,
          "precision": 0.0,
          "top_hits": [
            "b98be87dae1aa769",
            "b050604662ed9767",
            "a6c5d88ae318958c",
            "9fb192c2075f0ba9",
            "2f50808db44335b7",
            "40cd14cc5a9a9140",
            "3764b250c3f87aff",
            "c8a7cc8278d6a717",
            "30b5aa0a84ebc0fb",
            "b532c9aad360b899"
          ]
        },
        "vector": {
          "recall": 0.0,
          "mrr": 0.0,
          "precision": 0.0,
          "top_hits": [
            "b98be87dae1aa769",
            "b050604662ed9767",
            "a6c5d88ae318958c",
            "9fb192c2075f0ba9",
            "2f50808db44335b7",
            "40cd14cc5a9a9140",
            "3764b250c3f87aff",
            "c8a7cc8278d6a717",
            "30b5aa0a84ebc0fb",
            "b532c9aad360b899"
          ]
        },
        "hybrid": {
          "recall": 0.0,
          "mrr": 0.0,
          "precision": 0.0,
          "top_hits": [
            "b98be87dae1aa769",
            "b050604662ed9767",
            "a6c5d88ae318958c",
            "9fb192c2075f0ba9",
            "2f50808db44335b7",
            "40cd14cc5a9a9140",
            "3764b250c3f87aff",
            "c8a7cc8278d6a717",
            "30b5aa0a84ebc0fb",
            "b532c9aad360b899"
          ]
        },
        "hyde": {
          "recall": 0.0,
          "mrr": 0.0,
          "precision": 0.0,
          "top_hits": [
            "f06161cee371952d",
            "d54a622a21b8d76d",
            "9fb192c2075f0ba9",
            "0359a8370d3df5ee",
            "b532c9aad360b899",
            "2bd11ab6c5110c3d",
            "28f6e09eef9341f9",
            "e4c57bd74d143dab",
            "a6d37b3460955f37",
            "b6ada7df52f36100"
          ]
        },
        "hybrid+hyde": {
          "recall": 0.0,
          "mrr": 0.0,
          "precision": 0.0,
          "top_hits": [
            "9fb192c2075f0ba9",
            "b532c9aad360b899",
            "b98be87dae1aa769",
            "f06161cee371952d",
            "b050604662ed9767",
            "d54a622a21b8d76d",
            "a6c5d88ae318958c",
            "0359a8370d3df5ee",
            "2f50808db44335b7",
            "40cd14cc5a9a9140"
          ]
        }
      }
    },
    {
      "query": "how does the decoy effect influence choice",
      "type": "abstract",
      "methods": {
        "fts": {
          "recall": 0.0,
          "mrr": 0.0,
          "precision": 0.0,
          "top_hits": [
            "bddc0fe3c3317a24",
            "5b92115521bfc48d",
            "341f2742d0c8ea9c",
            "4e654324876c8530",
            "5f44b4fd7694ae46",
            "daec394ebb3d8a1c",
            "7542dcd08b000689",
            "cf36292ab8fcf606",
            "f12fbdf00329f2bd",
            "37c02bd8bffac6c6"
          ]
        },
        "vector": {
          "recall": 0.0,
          "mrr": 0.0,
          "precision": 0.0,
          "top_hits": [
            "bddc0fe3c3317a24",
            "5b92115521bfc48d",
            "341f2742d0c8ea9c",
            "4e654324876c8530",
            "5f44b4fd7694ae46",
            "daec394ebb3d8a1c",
            "7542dcd08b000689",
            "cf36292ab8fcf606",
            "f12fbdf00329f2bd",
            "37c02bd8bffac6c6"
          ]
        },
        "hybrid": {
          "recall": 0.0,
          "mrr": 0.0,
          "precision": 0.0,
          "top_hits": [
            "bddc0fe3c3317a24",
            "5b92115521bfc48d",
            "341f2742d0c8ea9c",
            "4e654324876c8530",
            "5f44b4fd7694ae46",
            "daec394ebb3d8a1c",
            "7542dcd08b000689",
            "cf36292ab8fcf606",
            "f12fbdf00329f2bd",
            "37c02bd8bffac6c6"
          ]
        },
        "hyde": {
          "recall": 1.0,
          "mrr": 0.1111,
          "precision": 0.1,
          "top_hits": [
            "bddc0fe3c3317a24",
            "c55fc5f4532e375d",
            "93b6b9025051bffa",
            "bfed7f38a71965c1",
            "9b2d863ebe86d6fc",
            "7493a12b4cecc5b6",
            "f25893c75bb92286",
            "5b92115521bfc48d",
            "d5caf12be54189f5",
            "628e91f46675edb1"
          ]
        },
        "hybrid+hyde": {
          "recall": 1.0,
          "mrr": 0.125,
          "precision": 0.1,
          "top_hits": [
            "bddc0fe3c3317a24",
            "5b92115521bfc48d",
            "5f44b4fd7694ae46",
            "c55fc5f4532e375d",
            "9b2d863ebe86d6fc",
            "daec394ebb3d8a1c",
            "341f2742d0c8ea9c",
            "d5caf12be54189f5",
            "f25893c75bb92286",
            "f12fbdf00329f2bd"
          ]
        }
      }
    },
    {
      "query": "can a large language model be compressed into a smaller one",
      "type": "synonym",
      "methods": {
        "fts": {
          "recall": 1.0,
          "mrr": 1.0,
          "precision": 0.1,
          "top_hits": [
            "be2fda2c919d983b",
            "85623cb1747ad608",
            "f500041b4d03d33e",
            "da8165f8246ec237",
            "c7333f862c848fbc",
            "1eca6ed0cdb16134",
            "d0ac52082210551c",
            "7a489154e3c03ee9",
            "56d8d5058dd641a2",
            "fd1289209f64d1e2"
          ]
        },
        "vector": {
          "recall": 1.0,
          "mrr": 1.0,
          "precision": 0.1,
          "top_hits": [
            "be2fda2c919d983b",
            "85623cb1747ad608",
            "f500041b4d03d33e",
            "da8165f8246ec237",
            "c7333f862c848fbc",
            "1eca6ed0cdb16134",
            "d0ac52082210551c",
            "7a489154e3c03ee9",
            "56d8d5058dd641a2",
            "fd1289209f64d1e2"
          ]
        },
        "hybrid": {
          "recall": 1.0,
          "mrr": 1.0,
          "precision": 0.1,
          "top_hits": [
            "be2fda2c919d983b",
            "85623cb1747ad608",
            "f500041b4d03d33e",
            "da8165f8246ec237",
            "c7333f862c848fbc",
            "1eca6ed0cdb16134",
            "d0ac52082210551c",
            "7a489154e3c03ee9",
            "56d8d5058dd641a2",
            "fd1289209f64d1e2"
          ]
        },
        "hyde": {
          "recall": 1.0,
          "mrr": 1.0,
          "precision": 0.1,
          "top_hits": [
            "be2fda2c919d983b",
            "26a8438202883a0a",
            "41e3939d378a6d54",
            "181904287c19c4a9",
            "eabaef5cf5c9c477",
            "68ddfb26bfd3299b",
            "7a39d1974ec744b0",
            "dd19924ff50c4d12",
            "2e925f8b3bbcc3c0",
            "d0ac52082210551c"
          ]
        },
        "hybrid+hyde": {
          "recall": 1.0,
          "mrr": 1.0,
          "precision": 0.1,
          "top_hits": [
            "be2fda2c919d983b",
            "d0ac52082210551c",
            "f500041b4d03d33e",
            "da8165f8246ec237",
            "2e925f8b3bbcc3c0",
            "1eca6ed0cdb16134",
            "d58283efd937a051",
            "eaa36d4cca794336",
            "85623cb1747ad608",
            "26a8438202883a0a"
          ]
        }
      }
    },
    {
      "query": "why is time treated like money",
      "type": "abstract",
      "methods": {
        "fts": {
          "recall": 1.0,
          "mrr": 1.0,
          "precision": 0.1,
          "top_hits": [
            "1cb6217d2ca696bf",
            "92d174512d56ec75",
            "e600e32ebf515a5e",
            "9100e0835ff971a8",
            "4e8972e2175b8c41",
            "5758a64bffec3bfd",
            "0d2ad1f49c6bb5cc",
            "0247b0e0f1afcb5d",
            "b8e8192cbfd75bed",
            "e0ea9bd837472e7a"
          ]
        },
        "vector": {
          "recall": 1.0,
          "mrr": 1.0,
          "precision": 0.1,
          "top_hits": [
            "1cb6217d2ca696bf",
            "92d174512d56ec75",
            "e600e32ebf515a5e",
            "9100e0835ff971a8",
            "4e8972e2175b8c41",
            "5758a64bffec3bfd",
            "0d2ad1f49c6bb5cc",
            "0247b0e0f1afcb5d",
            "b8e8192cbfd75bed",
            "e0ea9bd837472e7a"
          ]
        },
        "hybrid": {
          "recall": 1.0,
          "mrr": 1.0,
          "precision": 0.1,
          "top_hits": [
            "1cb6217d2ca696bf",
            "92d174512d56ec75",
            "e600e32ebf515a5e",
            "9100e0835ff971a8",
            "4e8972e2175b8c41",
            "5758a64bffec3bfd",
            "0d2ad1f49c6bb5cc",
            "0247b0e0f1afcb5d",
            "b8e8192cbfd75bed",
            "e0ea9bd837472e7a"
          ]
        },
        "hyde": {
          "recall": 1.0,
          "mrr": 0.1429,
          "precision": 0.1,
          "top_hits": [
            "ad77f4b28e63eb7e",
            "00215fe69f71e75d",
            "38a954032b2d27d4",
            "c5a2d0cf944c7380",
            "1d7d83e3e5b0dfcb",
            "159642e1124be97b",
            "1cb6217d2ca696bf",
            "e4c5f340247e831f",
            "248a12d85c5702cb",
            "a55b961389e24ec2"
          ]
        },
        "hybrid+hyde": {
          "recall": 1.0,
          "mrr": 1.0,
          "precision": 0.1,
          "top_hits": [
            "1cb6217d2ca696bf",
            "92d174512d56ec75",
            "9100e0835ff971a8",
            "5758a64bffec3bfd",
            "e4c5f340247e831f",
            "e600e32ebf515a5e",
            "00215fe69f71e75d",
            "b8e8192cbfd75bed",
            "e815fe478db8c472",
            "5154e1bef2f3ba16"
          ]
        }
      }
    },
    {
      "query": "why is a task that matches your skill level more engaging",
      "type": "synonym",
      "methods": {
        "fts": {
          "recall": 1.0,
          "mrr": 1.0,
          "precision": 0.1,
          "top_hits": [
            "af3dddb499d8b5fb",
            "7eb393d21be936a1",
            "1e8284f4c002f8f5",
            "2cea6299834f3a1e",
            "07615945fa6d9e55",
            "d73e22c87266e454",
            "c75954e2453026c0",
            "aab6dd962a1cda8f",
            "7896ab17e0c1daef",
            "3026061dc3507493"
          ]
        },
        "vector": {
          "recall": 1.0,
          "mrr": 1.0,
          "precision": 0.1,
          "top_hits": [
            "af3dddb499d8b5fb",
            "7eb393d21be936a1",
            "1e8284f4c002f8f5",
            "2cea6299834f3a1e",
            "07615945fa6d9e55",
            "d73e22c87266e454",
            "c75954e2453026c0",
            "aab6dd962a1cda8f",
            "7896ab17e0c1daef",
            "3026061dc3507493"
          ]
        },
        "hybrid": {
          "recall": 1.0,
          "mrr": 1.0,
          "precision": 0.1,
          "top_hits": [
            "af3dddb499d8b5fb",
            "7eb393d21be936a1",
            "1e8284f4c002f8f5",
            "2cea6299834f3a1e",
            "07615945fa6d9e55",
            "d73e22c87266e454",
            "c75954e2453026c0",
            "aab6dd962a1cda8f",
            "7896ab17e0c1daef",
            "3026061dc3507493"
          ]
        },
        "hyde": {
          "recall": 1.0,
          "mrr": 1.0,
          "precision": 0.1,
          "top_hits": [
            "af3dddb499d8b5fb",
            "67c0401315d78d7a",
            "5d564384f57c6954",
            "38fadbd7bfd57147",
            "9059131585230153",
            "d93973a14f5cad96",
            "278ef6a8165610f8",
            "2cea6299834f3a1e",
            "c9722214fc99b337",
            "e29fd0f24f9f6015"
          ]
        },
        "hybrid+hyde": {
          "recall": 1.0,
          "mrr": 1.0,
          "precision": 0.1,
          "top_hits": [
            "af3dddb499d8b5fb",
            "2cea6299834f3a1e",
            "7eb393d21be936a1",
            "5d564384f57c6954",
            "1e8284f4c002f8f5",
            "aab6dd962a1cda8f",
            "07615945fa6d9e55",
            "9059131585230153",
            "e29fd0f24f9f6015",
            "c6963095830e4390"
          ]
        }
      }
    },
    {
      "query": "why does the same color mean different things in different cultures",
      "type": "abstract",
      "methods": {
        "fts": {
          "recall": 1.0,
          "mrr": 0.1429,
          "precision": 0.1,
          "top_hits": [
            "6ca2109e0c2f9561",
            "a309df3c7b6d0030",
            "e40c2ef073b91f8d",
            "80cc1797ee047c2b",
            "a7be832070638eca",
            "6cfbac476505e609",
            "3a01753c57091244",
            "85ea285fffaf5180",
            "41c2da081579d36d",
            "9b0232a361b0683e"
          ]
        },
        "vector": {
          "recall": 1.0,
          "mrr": 0.1429,
          "precision": 0.1,
          "top_hits": [
            "6ca2109e0c2f9561",
            "a309df3c7b6d0030",
            "e40c2ef073b91f8d",
            "80cc1797ee047c2b",
            "a7be832070638eca",
            "6cfbac476505e609",
            "3a01753c57091244",
            "85ea285fffaf5180",
            "41c2da081579d36d",
            "9b0232a361b0683e"
          ]
        },
        "hybrid": {
          "recall": 1.0,
          "mrr": 0.1429,
          "precision": 0.1,
          "top_hits": [
            "6ca2109e0c2f9561",
            "a309df3c7b6d0030",
            "e40c2ef073b91f8d",
            "80cc1797ee047c2b",
            "a7be832070638eca",
            "6cfbac476505e609",
            "3a01753c57091244",
            "85ea285fffaf5180",
            "41c2da081579d36d",
            "9b0232a361b0683e"
          ]
        },
        "hyde": {
          "recall": 1.0,
          "mrr": 0.3333,
          "precision": 0.1,
          "top_hits": [
            "a309df3c7b6d0030",
            "5a82b7b0750f6329",
            "3a01753c57091244",
            "d753d450ce373961",
            "80cc1797ee047c2b",
            "65d04f4bfe90d7ed",
            "5e31a883cbd76a3c",
            "c048456cd2b2af42",
            "c08d6251b944640f",
            "a1b22fd11c6d4588"
          ]
        },
        "hybrid+hyde": {
          "recall": 1.0,
          "mrr": 0.3333,
          "precision": 0.1,
          "top_hits": [
            "a309df3c7b6d0030",
            "80cc1797ee047c2b",
            "3a01753c57091244",
            "d753d450ce373961",
            "6cfbac476505e609",
            "e40c2ef073b91f8d",
            "ac3e2c7c6faddede",
            "6ca2109e0c2f9561",
            "5a82b7b0750f6329",
            "a7be832070638eca"
          ]
        }
      }
    },
    {
      "query": "how do signs and symbols get their meaning from context",
      "type": "synonym",
      "methods": {
        "fts": {
          "recall": 0.0,
          "mrr": 0.0,
          "precision": 0.0,
          "top_hits": [
            "2b25e3486e884e45",
            "4f7c503fe304eebf",
            "654093c8525a9ad2",
            "0d892cb2e474a4fd",
            "66e15f6c88383144",
            "bced6a1911d7f598",
            "dc2641bc28d433e5",
            "a86ee6cf7f65408c",
            "46dda16f92fcbf4f",
            "68d87b5a1e73c4fb"
          ]
        },
        "vector": {
          "recall": 0.0,
          "mrr": 0.0,
          "precision": 0.0,
          "top_hits": [
            "2b25e3486e884e45",
            "4f7c503fe304eebf",
            "654093c8525a9ad2",
            "0d892cb2e474a4fd",
            "66e15f6c88383144",
            "bced6a1911d7f598",
            "dc2641bc28d433e5",
            "a86ee6cf7f65408c",
            "46dda16f92fcbf4f",
            "68d87b5a1e73c4fb"
          ]
        },
        "hybrid": {
          "recall": 0.0,
          "mrr": 0.0,
          "precision": 0.0,
          "top_hits": [
            "2b25e3486e884e45",
            "4f7c503fe304eebf",
            "654093c8525a9ad2",
            "0d892cb2e474a4fd",
            "66e15f6c88383144",
            "bced6a1911d7f598",
            "dc2641bc28d433e5",
            "a86ee6cf7f65408c",
            "46dda16f92fcbf4f",
            "68d87b5a1e73c4fb"
          ]
        },
        "hyde": {
          "recall": 0.0,
          "mrr": 0.0,
          "precision": 0.0,
          "top_hits": [
            "0d892cb2e474a4fd",
            "2b25e3486e884e45",
            "66e15f6c88383144",
            "dc2641bc28d433e5",
            "e40c2ef073b91f8d",
            "80cc1797ee047c2b",
            "46dda16f92fcbf4f",
            "5e31a883cbd76a3c",
            "fd0df8723be2180f",
            "654093c8525a9ad2"
          ]
        },
        "hybrid+hyde": {
          "recall": 0.0,
          "mrr": 0.0,
          "precision": 0.0,
          "top_hits": [
            "2b25e3486e884e45",
            "0d892cb2e474a4fd",
            "66e15f6c88383144",
            "dc2641bc28d433e5",
            "654093c8525a9ad2",
            "46dda16f92fcbf4f",
            "4f7c503fe304eebf",
            "bced6a1911d7f598",
            "a86ee6cf7f65408c",
            "c877342b44abe86e"
          ]
        }
      }
    },
    {
      "query": "why does too much information make it hard to understand a design",
      "type": "abstract",
      "methods": {
        "fts": {
          "recall": 0.0,
          "mrr": 0.0,
          "precision": 0.0,
          "top_hits": [
            "2e8eb419a4479220",
            "c311c9fe87c6e10a",
            "3ea6925f40654ab1",
            "89e60367d7715e74",
            "8ca24059d1be7a13",
            "5fbb3b638bf68cdd",
            "bac596e28b6e4258",
            "cebb8a8c287c75af",
            "3ce4f20cd210ad2c",
            "229168925e3ddbf0"
          ]
        },
        "vector": {
          "recall": 0.0,
          "mrr": 0.0,
          "precision": 0.0,
          "top_hits": [
            "2e8eb419a4479220",
            "c311c9fe87c6e10a",
            "3ea6925f40654ab1",
            "89e60367d7715e74",
            "8ca24059d1be7a13",
            "5fbb3b638bf68cdd",
            "bac596e28b6e4258",
            "cebb8a8c287c75af",
            "3ce4f20cd210ad2c",
            "229168925e3ddbf0"
          ]
        },
        "hybrid": {
          "recall": 0.0,
          "mrr": 0.0,
          "precision": 0.0,
          "top_hits": [
            "2e8eb419a4479220",
            "c311c9fe87c6e10a",
            "3ea6925f40654ab1",
            "89e60367d7715e74",
            "8ca24059d1be7a13",
            "5fbb3b638bf68cdd",
            "bac596e28b6e4258",
            "cebb8a8c287c75af",
            "3ce4f20cd210ad2c",
            "229168925e3ddbf0"
          ]
        },
        "hyde": {
          "recall": 1.0,
          "mrr": 0.25,
          "precision": 0.1,
          "top_hits": [
            "2e8eb419a4479220",
            "9682bf078ddb99d9",
            "7493a12b4cecc5b6",
            "14a097edd4af3831",
            "0ac946d6465a1b01",
            "537a51ff8ff7f400",
            "bb6eeafc2ad33bfa",
            "80fea2126cd1bb2b",
            "37221c9d3c1eb6de",
            "97d47f7d5ca03438"
          ]
        },
        "hybrid+hyde": {
          "recall": 1.0,
          "mrr": 0.25,
          "precision": 0.1,
          "top_hits": [
            "2e8eb419a4479220",
            "7493a12b4cecc5b6",
            "0ac946d6465a1b01",
            "14a097edd4af3831",
            "5088617c9ff2c868",
            "d5caf12be54189f5",
            "c311c9fe87c6e10a",
            "9682bf078ddb99d9",
            "3ea6925f40654ab1",
            "89e60367d7715e74"
          ]
        }
      }
    },
    {
      "query": "how does brainstorming produce more ideas",
      "type": "synonym",
      "methods": {
        "fts": {
          "recall": 1.0,
          "mrr": 0.1667,
          "precision": 0.1,
          "top_hits": [
            "5d9f21741f0733f9",
            "37034d70c0fa0933",
            "71ce8ffdd6026e13",
            "e24ae22a703cff59",
            "eca3cbf28b5bae65",
            "2351d0bdb479fda4",
            "c817dc45061c649b",
            "3bdf9a39e5030843",
            "031d466d481e2024",
            "ecfc6a31551363a5"
          ]
        },
        "vector": {
          "recall": 1.0,
          "mrr": 0.1667,
          "precision": 0.1,
          "top_hits": [
            "5d9f21741f0733f9",
            "37034d70c0fa0933",
            "71ce8ffdd6026e13",
            "e24ae22a703cff59",
            "eca3cbf28b5bae65",
            "2351d0bdb479fda4",
            "c817dc45061c649b",
            "3bdf9a39e5030843",
            "031d466d481e2024",
            "ecfc6a31551363a5"
          ]
        },
        "hybrid": {
          "recall": 1.0,
          "mrr": 0.1667,
          "precision": 0.1,
          "top_hits": [
            "5d9f21741f0733f9",
            "37034d70c0fa0933",
            "71ce8ffdd6026e13",
            "e24ae22a703cff59",
            "eca3cbf28b5bae65",
            "2351d0bdb479fda4",
            "c817dc45061c649b",
            "3bdf9a39e5030843",
            "031d466d481e2024",
            "ecfc6a31551363a5"
          ]
        },
        "hyde": {
          "recall": 1.0,
          "mrr": 0.3333,
          "precision": 0.1,
          "top_hits": [
            "71ce8ffdd6026e13",
            "5d9f21741f0733f9",
            "2351d0bdb479fda4",
            "ab309999655e95c5",
            "37034d70c0fa0933",
            "4c0623499723453d",
            "316c2d5bb05fb56c",
            "f45eff3f89c9828c",
            "3c9d22cc47df899d",
            "1939bc62db425c8d"
          ]
        },
        "hybrid+hyde": {
          "recall": 1.0,
          "mrr": 0.25,
          "precision": 0.1,
          "top_hits": [
            "5d9f21741f0733f9",
            "71ce8ffdd6026e13",
            "37034d70c0fa0933",
            "2351d0bdb479fda4",
            "eca3cbf28b5bae65",
            "3c9d22cc47df899d",
            "0594364b6033e419",
            "e24ae22a703cff59",
            "ab309999655e95c5",
            "4c0623499723453d"
          ]
        }
      }
    },
    {
      "query": "why should you accept that problems are too complex to fully solve",
      "type": "abstract",
      "methods": {
        "fts": {
          "recall": 0.0,
          "mrr": 0.0,
          "precision": 0.0,
          "top_hits": [
            "04771e1c3a263c4c",
            "740e0ed441b55c8d",
            "b8a2c6aecf8253ee",
            "0a4ea76cb3511212",
            "cd19be8e5cc9aea0",
            "760c4c9ae983d07c",
            "7de83dad1077efef",
            "ef90d2c52b32cb12",
            "37c46f0a0f3f045a",
            "711e2337ac9feb88"
          ]
        },
        "vector": {
          "recall": 0.0,
          "mrr": 0.0,
          "precision": 0.0,
          "top_hits": [
            "04771e1c3a263c4c",
            "740e0ed441b55c8d",
            "b8a2c6aecf8253ee",
            "0a4ea76cb3511212",
            "cd19be8e5cc9aea0",
            "760c4c9ae983d07c",
            "7de83dad1077efef",
            "ef90d2c52b32cb12",
            "37c46f0a0f3f045a",
            "711e2337ac9feb88"
          ]
        },
        "hybrid": {
          "recall": 0.0,
          "mrr": 0.0,
          "precision": 0.0,
          "top_hits": [
            "04771e1c3a263c4c",
            "740e0ed441b55c8d",
            "b8a2c6aecf8253ee",
            "0a4ea76cb3511212",
            "cd19be8e5cc9aea0",
            "760c4c9ae983d07c",
            "7de83dad1077efef",
            "ef90d2c52b32cb12",
            "37c46f0a0f3f045a",
            "711e2337ac9feb88"
          ]
        },
        "hyde": {
          "recall": 1.0,
          "mrr": 0.5,
          "precision": 0.1,
          "top_hits": [
            "b67b36562efd580f",
            "9eb33a81d599fd95",
            "7de83dad1077efef",
            "621732967d97e000",
            "d5072e62e4a185bf",
            "333594eb82da85c8",
            "f6d01e3c8ac093ff",
            "e4c5f340247e831f",
            "e7169c33daa39db2",
            "95b59b4d89e01ef3"
          ]
        },
        "hybrid+hyde": {
          "recall": 1.0,
          "mrr": 0.5,
          "precision": 0.1,
          "top_hits": [
            "7de83dad1077efef",
            "9eb33a81d599fd95",
            "37c46f0a0f3f045a",
            "740e0ed441b55c8d",
            "0a4ea76cb3511212",
            "970a1bbcacbd6192",
            "548112529cdfc84a",
            "2c1d519b9b1cbebf",
            "04771e1c3a263c4c",
            "b67b36562efd580f"
          ]
        }
      }
    },
    {
      "query": "how do decision makers gather information before choosing",
      "type": "synonym",
      "methods": {
        "fts": {
          "recall": 1.0,
          "mrr": 0.5,
          "precision": 0.1,
          "top_hits": [
            "9acbc0f5893b2b80",
            "976a9ec288694754",
            "ea5fa673b2761ff6",
            "761f8ddbb06bd66d",
            "c94d30220e8e6805",
            "a9984d3fb575c6a0",
            "11c2f38f30382f43",
            "151293641e5fa9e7",
            "a3563b6d3c0b91cb",
            "121bf125aa4eb9c7"
          ]
        },
        "vector": {
          "recall": 1.0,
          "mrr": 0.5,
          "precision": 0.1,
          "top_hits": [
            "9acbc0f5893b2b80",
            "976a9ec288694754",
            "ea5fa673b2761ff6",
            "761f8ddbb06bd66d",
            "c94d30220e8e6805",
            "a9984d3fb575c6a0",
            "11c2f38f30382f43",
            "151293641e5fa9e7",
            "a3563b6d3c0b91cb",
            "121bf125aa4eb9c7"
          ]
        },
        "hybrid": {
          "recall": 1.0,
          "mrr": 0.5,
          "precision": 0.1,
          "top_hits": [
            "9acbc0f5893b2b80",
            "976a9ec288694754",
            "ea5fa673b2761ff6",
            "761f8ddbb06bd66d",
            "c94d30220e8e6805",
            "a9984d3fb575c6a0",
            "11c2f38f30382f43",
            "151293641e5fa9e7",
            "a3563b6d3c0b91cb",
            "121bf125aa4eb9c7"
          ]
        },
        "hyde": {
          "recall": 1.0,
          "mrr": 1.0,
          "precision": 0.1,
          "top_hits": [
            "976a9ec288694754",
            "c94d30220e8e6805",
            "bb3e3bb3e36fc4b4",
            "7566e7aed9bb2e55",
            "9acbc0f5893b2b80",
            "bc48cd82b333fac5",
            "a97cb8af406eb534",
            "121bf125aa4eb9c7",
            "5b92115521bfc48d",
            "d11142e52c155d01"
          ]
        },
        "hybrid+hyde": {
          "recall": 1.0,
          "mrr": 1.0,
          "precision": 0.1,
          "top_hits": [
            "976a9ec288694754",
            "9acbc0f5893b2b80",
            "c94d30220e8e6805",
            "121bf125aa4eb9c7",
            "a97cb8af406eb534",
            "a9984d3fb575c6a0",
            "bc48cd82b333fac5",
            "151293641e5fa9e7",
            "11c2f38f30382f43",
            "e8e9373333d13d14"
          ]
        }
      }
    },
    {
      "query": "how do machine learning systems get better over time automatically",
      "type": "synonym",
      "methods": {
        "fts": {
          "recall": 0.0,
          "mrr": 0.0,
          "precision": 0.0,
          "top_hits": [
            "84aaf8b4637c0b58",
            "477a3e3e3ab789d2",
            "e1871a2ad51d17fc",
            "2de337cc6fd340ce",
            "46af20ec4c84168b",
            "60b8d589d27cd9a9",
            "d8144c3ca4df93fe",
            "7f5af57fa77c6d76",
            "85ea285fffaf5180",
            "181904287c19c4a9"
          ]
        },
        "vector": {
          "recall": 0.0,
          "mrr": 0.0,
          "precision": 0.0,
          "top_hits": [
            "84aaf8b4637c0b58",
            "477a3e3e3ab789d2",
            "e1871a2ad51d17fc",
            "2de337cc6fd340ce",
            "46af20ec4c84168b",
            "60b8d589d27cd9a9",
            "d8144c3ca4df93fe",
            "7f5af57fa77c6d76",
            "85ea285fffaf5180",
            "181904287c19c4a9"
          ]
        },
        "hybrid": {
          "recall": 0.0,
          "mrr": 0.0,
          "precision": 0.0,
          "top_hits": [
            "84aaf8b4637c0b58",
            "477a3e3e3ab789d2",
            "e1871a2ad51d17fc",
            "2de337cc6fd340ce",
            "46af20ec4c84168b",
            "60b8d589d27cd9a9",
            "d8144c3ca4df93fe",
            "7f5af57fa77c6d76",
            "85ea285fffaf5180",
            "181904287c19c4a9"
          ]
        },
        "hyde": {
          "recall": 1.0,
          "mrr": 1.0,
          "precision": 0.1,
          "top_hits": [
            "cd0c3b87a00d7fd2",
            "2de337cc6fd340ce",
            "46ff833cc83971dc",
            "b38e81a5df14b0ae",
            "a569abca120fe039",
            "84aaf8b4637c0b58",
            "ea5fa673b2761ff6",
            "c3be815b093115e8",
            "60b8d589d27cd9a9",
            "1f07e5000861d1fe"
          ]
        },
        "hybrid+hyde": {
          "recall": 1.0,
          "mrr": 0.2,
          "precision": 0.1,
          "top_hits": [
            "2de337cc6fd340ce",
            "84aaf8b4637c0b58",
            "60b8d589d27cd9a9",
            "477a3e3e3ab789d2",
            "cd0c3b87a00d7fd2",
            "d8144c3ca4df93fe",
            "b38e81a5df14b0ae",
            "ea5fa673b2761ff6",
            "a8ac4a952d56a4ac",
            "8b6e3ca8c502ae1a"
          ]
        }
      }
    },
    {
      "query": "why do myths and symbols carry shared meaning across a society",
      "type": "abstract",
      "methods": {
        "fts": {
          "recall": 0.0,
          "mrr": 0.0,
          "precision": 0.0,
          "top_hits": [
            "5e31a883cbd76a3c",
            "dc2641bc28d433e5",
            "4f7c503fe304eebf",
            "80cc1797ee047c2b",
            "782b22f854d52102",
            "c91c1cdfb3090a24",
            "c08d6251b944640f",
            "19b9270c08715b21",
            "654093c8525a9ad2",
            "3a01753c57091244"
          ]
        },
        "vector": {
          "recall": 0.0,
          "mrr": 0.0,
          "precision": 0.0,
          "top_hits": [
            "5e31a883cbd76a3c",
            "dc2641bc28d433e5",
            "4f7c503fe304eebf",
            "80cc1797ee047c2b",
            "782b22f854d52102",
            "c91c1cdfb3090a24",
            "c08d6251b944640f",
            "19b9270c08715b21",
            "654093c8525a9ad2",
            "3a01753c57091244"
          ]
        },
        "hybrid": {
          "recall": 0.0,
          "mrr": 0.0,
          "precision": 0.0,
          "top_hits": [
            "5e31a883cbd76a3c",
            "dc2641bc28d433e5",
            "4f7c503fe304eebf",
            "80cc1797ee047c2b",
            "782b22f854d52102",
            "c91c1cdfb3090a24",
            "c08d6251b944640f",
            "19b9270c08715b21",
            "654093c8525a9ad2",
            "3a01753c57091244"
          ]
        },
        "hyde": {
          "recall": 0.0,
          "mrr": 0.0,
          "precision": 0.0,
          "top_hits": [
            "5e31a883cbd76a3c",
            "0d892cb2e474a4fd",
            "dc2641bc28d433e5",
            "c08d6251b944640f",
            "19b9270c08715b21",
            "782b22f854d52102",
            "80cc1797ee047c2b",
            "4f7c503fe304eebf",
            "55a2357d173dcbb8",
            "8a19cf81d2db860f"
          ]
        },
        "hybrid+hyde": {
          "recall": 0.0,
          "mrr": 0.0,
          "precision": 0.0,
          "top_hits": [
            "5e31a883cbd76a3c",
            "dc2641bc28d433e5",
            "4f7c503fe304eebf",
            "80cc1797ee047c2b",
            "c08d6251b944640f",
            "782b22f854d52102",
            "19b9270c08715b21",
            "55a2357d173dcbb8",
            "3a01753c57091244",
            "8a19cf81d2db860f"
          ]
        }
      }
    },
    {
      "query": "why does creating knowledge require collaboration across contributors",
      "type": "synonym",
      "methods": {
        "fts": {
          "recall": 1.0,
          "mrr": 1.0,
          "precision": 0.1,
          "top_hits": [
            "1939bc62db425c8d",
            "cadc67e7c3580ea6",
            "a6cdadfc61e77213",
            "d6254aca64502f94",
            "5c6a142d08da89a9",
            "2e7808f78c3e34de",
            "bba227a2cc2c3be3",
            "e5d85c16a83a11b2",
            "376c355270296abf",
            "2eb4ce4fd490cf93"
          ]
        },
        "vector": {
          "recall": 1.0,
          "mrr": 1.0,
          "precision": 0.1,
          "top_hits": [
            "1939bc62db425c8d",
            "cadc67e7c3580ea6",
            "a6cdadfc61e77213",
            "d6254aca64502f94",
            "5c6a142d08da89a9",
            "2e7808f78c3e34de",
            "bba227a2cc2c3be3",
            "e5d85c16a83a11b2",
            "376c355270296abf",
            "2eb4ce4fd490cf93"
          ]
        },
        "hybrid": {
          "recall": 1.0,
          "mrr": 1.0,
          "precision": 0.1,
          "top_hits": [
            "1939bc62db425c8d",
            "cadc67e7c3580ea6",
            "a6cdadfc61e77213",
            "d6254aca64502f94",
            "5c6a142d08da89a9",
            "2e7808f78c3e34de",
            "bba227a2cc2c3be3",
            "e5d85c16a83a11b2",
            "376c355270296abf",
            "2eb4ce4fd490cf93"
          ]
        },
        "hyde": {
          "recall": 1.0,
          "mrr": 1.0,
          "precision": 0.1,
          "top_hits": [
            "1939bc62db425c8d",
            "cadc67e7c3580ea6",
            "f45eff3f89c9828c",
            "e7169c33daa39db2",
            "5c6a142d08da89a9",
            "f9a37730c1c9dddf",
            "0594364b6033e419",
            "21ad19db3b1511fe",
            "d0c7a3769ffd22d2",
            "27cf9ec4668e61dd"
          ]
        },
        "hybrid+hyde": {
          "recall": 1.0,
          "mrr": 1.0,
          "precision": 0.1,
          "top_hits": [
            "1939bc62db425c8d",
            "cadc67e7c3580ea6",
            "5c6a142d08da89a9",
            "98f89ab9d72f9964",
            "a6cdadfc61e77213",
            "f45eff3f89c9828c",
            "d6254aca64502f94",
            "e7169c33daa39db2",
            "2e7808f78c3e34de",
            "f9a37730c1c9dddf"
          ]
        }
      }
    },
    {
      "query": "how does the style of a typeface convey meaning",
      "type": "synonym",
      "methods": {
        "fts": {
          "recall": 1.0,
          "mrr": 1.0,
          "precision": 0.1,
          "top_hits": [
            "b7c837fbf5ee70ae",
            "1bd1cd07b2285161",
            "c4ef336ee7be371c",
            "ca4548ee83e6402d",
            "d6b5ac0138d7a4e1",
            "26508d0de6265005",
            "6c7dfce03fed2043",
            "05695678da75d680",
            "193099a9c806a977",
            "0208bd8be9b6d3b8"
          ]
        },
        "vector": {
          "recall": 1.0,
          "mrr": 1.0,
          "precision": 0.1,
          "top_hits": [
            "b7c837fbf5ee70ae",
            "1bd1cd07b2285161",
            "c4ef336ee7be371c",
            "ca4548ee83e6402d",
            "d6b5ac0138d7a4e1",
            "26508d0de6265005",
            "6c7dfce03fed2043",
            "05695678da75d680",
            "193099a9c806a977",
            "0208bd8be9b6d3b8"
          ]
        },
        "hybrid": {
          "recall": 1.0,
          "mrr": 1.0,
          "precision": 0.1,
          "top_hits": [
            "b7c837fbf5ee70ae",
            "1bd1cd07b2285161",
            "c4ef336ee7be371c",
            "ca4548ee83e6402d",
            "d6b5ac0138d7a4e1",
            "26508d0de6265005",
            "6c7dfce03fed2043",
            "05695678da75d680",
            "193099a9c806a977",
            "0208bd8be9b6d3b8"
          ]
        },
        "hyde": {
          "recall": 1.0,
          "mrr": 0.5,
          "precision": 0.1,
          "top_hits": [
            "d6b5ac0138d7a4e1",
            "b7c837fbf5ee70ae",
            "5d1ddac769f1a9fd",
            "807e30ee9a7f32e7",
            "c048456cd2b2af42",
            "a708ff743ca5acbc",
            "d8a8895804e2acb5",
            "b0b73d479c527805",
            "26508d0de6265005",
            "ca4548ee83e6402d"
          ]
        },
        "hybrid+hyde": {
          "recall": 1.0,
          "mrr": 1.0,
          "precision": 0.1,
          "top_hits": [
            "b7c837fbf5ee70ae",
            "d6b5ac0138d7a4e1",
            "1bd1cd07b2285161",
            "ca4548ee83e6402d",
            "26508d0de6265005",
            "c4ef336ee7be371c",
            "05695678da75d680",
            "807e30ee9a7f32e7",
            "1afc79c30cc8915e",
            "edf891c20b10e808"
          ]
        }
      }
    },
    {
      "query": "how does combining doing, thinking, and refining produce creative change",
      "type": "abstract",
      "methods": {
        "fts": {
          "recall": 0.0,
          "mrr": 0.0,
          "precision": 0.0,
          "top_hits": [
            "dc7ec7a2c766e096",
            "24b00ff2a44b3565",
            "14cb9838317ecc51",
            "f5ec09359c89e67a",
            "82882ed489718301",
            "fdd3fbdefb51f9f6",
            "f513c35159c34671",
            "158be3b005205de6",
            "55e4061eb96316d8",
            "1c619fed5b499653"
          ]
        },
        "vector": {
          "recall": 0.0,
          "mrr": 0.0,
          "precision": 0.0,
          "top_hits": [
            "dc7ec7a2c766e096",
            "24b00ff2a44b3565",
            "14cb9838317ecc51",
            "f5ec09359c89e67a",
            "82882ed489718301",
            "fdd3fbdefb51f9f6",
            "f513c35159c34671",
            "158be3b005205de6",
            "55e4061eb96316d8",
            "1c619fed5b499653"
          ]
        },
        "hybrid": {
          "recall": 0.0,
          "mrr": 0.0,
          "precision": 0.0,
          "top_hits": [
            "dc7ec7a2c766e096",
            "24b00ff2a44b3565",
            "14cb9838317ecc51",
            "f5ec09359c89e67a",
            "82882ed489718301",
            "fdd3fbdefb51f9f6",
            "f513c35159c34671",
            "158be3b005205de6",
            "55e4061eb96316d8",
            "1c619fed5b499653"
          ]
        },
        "hyde": {
          "recall": 1.0,
          "mrr": 1.0,
          "precision": 0.1,
          "top_hits": [
            "d608b87f4681bdc5",
            "898618dc3010ccdd",
            "dec446fd98e0c78a",
            "4c4ba7f1d1fef59c",
            "a82e596a17d17b7b",
            "705a973a0d4b2966",
            "d7bd61656cdf175f",
            "c7adfb5bd7f8163f",
            "e5b3687918118cc3",
            "5e58ad0e1a5b7c6f"
          ]
        },
        "hybrid+hyde": {
          "recall": 1.0,
          "mrr": 0.25,
          "precision": 0.1,
          "top_hits": [
            "0d70f8e259984c33",
            "3b881e7a0218fc6d",
            "dc7ec7a2c766e096",
            "d608b87f4681bdc5",
            "24b00ff2a44b3565",
            "898618dc3010ccdd",
            "14cb9838317ecc51",
            "dec446fd98e0c78a",
            "f5ec09359c89e67a",
            "4c4ba7f1d1fef59c"
          ]
        }
      }
    },
    {
      "query": "why does ai not need full human intelligence to be useful",
      "type": "abstract",
      "methods": {
        "fts": {
          "recall": 0.0,
          "mrr": 0.0,
          "precision": 0.0,
          "top_hits": [
            "f1dd5581375b35e3",
            "b9eacb78758129ab",
            "1e8284f4c002f8f5",
            "5c6a142d08da89a9",
            "a16bc144ccf533fd",
            "ed8cec458ab22e76",
            "b164452324168477",
            "a459fa06296fb04f",
            "24d420238a50bb0a",
            "d70f99d4f820f522"
          ]
        },
        "vector": {
          "recall": 0.0,
          "mrr": 0.0,
          "precision": 0.0,
          "top_hits": [
            "f1dd5581375b35e3",
            "b9eacb78758129ab",
            "1e8284f4c002f8f5",
            "5c6a142d08da89a9",
            "a16bc144ccf533fd",
            "ed8cec458ab22e76",
            "b164452324168477",
            "a459fa06296fb04f",
            "24d420238a50bb0a",
            "d70f99d4f820f522"
          ]
        },
        "hybrid": {
          "recall": 0.0,
          "mrr": 0.0,
          "precision": 0.0,
          "top_hits": [
            "f1dd5581375b35e3",
            "b9eacb78758129ab",
            "1e8284f4c002f8f5",
            "5c6a142d08da89a9",
            "a16bc144ccf533fd",
            "ed8cec458ab22e76",
            "b164452324168477",
            "a459fa06296fb04f",
            "24d420238a50bb0a",
            "d70f99d4f820f522"
          ]
        },
        "hyde": {
          "recall": 0.0,
          "mrr": 0.0,
          "precision": 0.0,
          "top_hits": [
            "1e8284f4c002f8f5",
            "f1dd5581375b35e3",
            "cd2430406741ef44",
            "bcde5ff79afdeb56",
            "1b630b5d6e4c77fd",
            "d70f99d4f820f522",
            "6d260c5db3ba2920",
            "ca022e71df0d7bbb",
            "b8a8d95e1dc38bca",
            "41d7d82c2b6adcf0"
          ]
        },
        "hybrid+hyde": {
          "recall": 0.0,
          "mrr": 0.0,
          "precision": 0.0,
          "top_hits": [
            "f1dd5581375b35e3",
            "1e8284f4c002f8f5",
            "d70f99d4f820f522",
            "1b630b5d6e4c77fd",
            "cd2430406741ef44",
            "bcde5ff79afdeb56",
            "5c6a142d08da89a9",
            "ed8cec458ab22e76",
            "b9eacb78758129ab",
            "b8a8d95e1dc38bca"
          ]
        }
      }
    },
    {
      "query": "why must charts accurately represent the underlying data",
      "type": "synonym",
      "methods": {
        "fts": {
          "recall": 1.0,
          "mrr": 1.0,
          "precision": 0.1,
          "top_hits": [
            "21e3916ee2c3b3ad",
            "16a4e599ce28adc5",
            "1431adb9f24bf3a1",
            "ecfe384c71fc52a3",
            "743cbcf6c104cd48",
            "e5b3dc384959f469",
            "dec8e7ea6c0d50b0",
            "54420d328684b5f3",
            "36a0a7c49fc07c2e",
            "43465c756f3e32cb"
          ]
        },
        "vector": {
          "recall": 1.0,
          "mrr": 1.0,
          "precision": 0.1,
          "top_hits": [
            "21e3916ee2c3b3ad",
            "16a4e599ce28adc5",
            "1431adb9f24bf3a1",
            "ecfe384c71fc52a3",
            "743cbcf6c104cd48",
            "e5b3dc384959f469",
            "dec8e7ea6c0d50b0",
            "54420d328684b5f3",
            "36a0a7c49fc07c2e",
            "43465c756f3e32cb"
          ]
        },
        "hybrid": {
          "recall": 1.0,
          "mrr": 1.0,
          "precision": 0.1,
          "top_hits": [
            "21e3916ee2c3b3ad",
            "16a4e599ce28adc5",
            "1431adb9f24bf3a1",
            "ecfe384c71fc52a3",
            "743cbcf6c104cd48",
            "e5b3dc384959f469",
            "dec8e7ea6c0d50b0",
            "54420d328684b5f3",
            "36a0a7c49fc07c2e",
            "43465c756f3e32cb"
          ]
        },
        "hyde": {
          "recall": 1.0,
          "mrr": 1.0,
          "precision": 0.1,
          "top_hits": [
            "21e3916ee2c3b3ad",
            "9682b7b61c20e50d",
            "54ec0eda9b4c655f",
            "4f51455113456a60",
            "36a0a7c49fc07c2e",
            "dec8e7ea6c0d50b0",
            "507739317b1e9e7d",
            "4e43b4104390d4e2",
            "16a4e599ce28adc5",
            "9179646c08898ca7"
          ]
        },
        "hybrid+hyde": {
          "recall": 1.0,
          "mrr": 1.0,
          "precision": 0.1,
          "top_hits": [
            "21e3916ee2c3b3ad",
            "16a4e599ce28adc5",
            "dec8e7ea6c0d50b0",
            "36a0a7c49fc07c2e",
            "e5b3dc384959f469",
            "54ec0eda9b4c655f",
            "ecfe384c71fc52a3",
            "ce3570e4a3f7f37b",
            "54420d328684b5f3",
            "9682b7b61c20e50d"
          ]
        }
      }
    },
    {
      "query": "why does focused practice with feedback improve a skill",
      "type": "synonym",
      "methods": {
        "fts": {
          "recall": 1.0,
          "mrr": 1.0,
          "precision": 0.1,
          "top_hits": [
            "6bb5b9da3adb938f",
            "7c2f94128bf74637",
            "9ef26b1ccb69f06e",
            "e29fd0f24f9f6015",
            "9dc038626c97aefd",
            "9b304c04947ba904",
            "c21f269280e84719",
            "731997c3608c69de",
            "4a1091e1ed5db781",
            "a55b961389e24ec2"
          ]
        },
        "vector": {
          "recall": 1.0,
          "mrr": 1.0,
          "precision": 0.1,
          "top_hits": [
            "6bb5b9da3adb938f",
            "7c2f94128bf74637",
            "9ef26b1ccb69f06e",
            "e29fd0f24f9f6015",
            "9dc038626c97aefd",
            "9b304c04947ba904",
            "c21f269280e84719",
            "731997c3608c69de",
            "4a1091e1ed5db781",
            "a55b961389e24ec2"
          ]
        },
        "hybrid": {
          "recall": 1.0,
          "mrr": 1.0,
          "precision": 0.1,
          "top_hits": [
            "6bb5b9da3adb938f",
            "7c2f94128bf74637",
            "9ef26b1ccb69f06e",
            "e29fd0f24f9f6015",
            "9dc038626c97aefd",
            "9b304c04947ba904",
            "c21f269280e84719",
            "731997c3608c69de",
            "4a1091e1ed5db781",
            "a55b961389e24ec2"
          ]
        },
        "hyde": {
          "recall": 1.0,
          "mrr": 1.0,
          "precision": 0.1,
          "top_hits": [
            "6bb5b9da3adb938f",
            "9ef26b1ccb69f06e",
            "9dc038626c97aefd",
            "7c2f94128bf74637",
            "c21f269280e84719",
            "4a1091e1ed5db781",
            "9b304c04947ba904",
            "731997c3608c69de",
            "5e0cecd86d5c3558",
            "e6a80743b36558ef"
          ]
        },
        "hybrid+hyde": {
          "recall": 1.0,
          "mrr": 1.0,
          "precision": 0.1,
          "top_hits": [
            "6bb5b9da3adb938f",
            "9ef26b1ccb69f06e",
            "7c2f94128bf74637",
            "9dc038626c97aefd",
            "c21f269280e84719",
            "9b304c04947ba904",
            "4a1091e1ed5db781",
            "731997c3608c69de",
            "e29fd0f24f9f6015",
            "a55b961389e24ec2"
          ]
        }
      }
    },
    {
      "query": "how does retrieval augmented generation keep answers coherent",
      "type": "synonym",
      "methods": {
        "fts": {
          "recall": 1.0,
          "mrr": 0.1429,
          "precision": 0.1,
          "top_hits": [
            "4a270f31d614b989",
            "4d711a16426b45ea",
            "eabf9e151bf39d38",
            "28223ddb73e62f16",
            "bb3e3bb3e36fc4b4",
            "b22cc3a3e2129b2f",
            "46e671635de128dd",
            "eabaef5cf5c9c477",
            "a7d472ec11386cdb",
            "7fc6884e2922649b"
          ]
        },
        "vector": {
          "recall": 1.0,
          "mrr": 0.1429,
          "precision": 0.1,
          "top_hits": [
            "4a270f31d614b989",
            "4d711a16426b45ea",
            "eabf9e151bf39d38",
            "28223ddb73e62f16",
            "bb3e3bb3e36fc4b4",
            "b22cc3a3e2129b2f",
            "46e671635de128dd",
            "eabaef5cf5c9c477",
            "a7d472ec11386cdb",
            "7fc6884e2922649b"
          ]
        },
        "hybrid": {
          "recall": 1.0,
          "mrr": 0.1429,
          "precision": 0.1,
          "top_hits": [
            "4a270f31d614b989",
            "4d711a16426b45ea",
            "eabf9e151bf39d38",
            "28223ddb73e62f16",
            "bb3e3bb3e36fc4b4",
            "b22cc3a3e2129b2f",
            "46e671635de128dd",
            "eabaef5cf5c9c477",
            "a7d472ec11386cdb",
            "7fc6884e2922649b"
          ]
        },
        "hyde": {
          "recall": 1.0,
          "mrr": 0.2,
          "precision": 0.1,
          "top_hits": [
            "bb3e3bb3e36fc4b4",
            "4d711a16426b45ea",
            "4a270f31d614b989",
            "a7d472ec11386cdb",
            "46e671635de128dd",
            "eabaef5cf5c9c477",
            "fd1289209f64d1e2",
            "eabf9e151bf39d38",
            "7fc6884e2922649b",
            "1220a441e1b037a5"
          ]
        },
        "hybrid+hyde": {
          "recall": 1.0,
          "mrr": 0.2,
          "precision": 0.1,
          "top_hits": [
            "4a270f31d614b989",
            "4d711a16426b45ea",
            "bb3e3bb3e36fc4b4",
            "eabf9e151bf39d38",
            "46e671635de128dd",
            "a7d472ec11386cdb",
            "eabaef5cf5c9c477",
            "b22cc3a3e2129b2f",
            "28223ddb73e62f16",
            "7fc6884e2922649b"
          ]
        }
      }
    },
    {
      "query": "how to make ai systems dependable before adding features",
      "type": "synonym",
      "methods": {
        "fts": {
          "recall": 0.0,
          "mrr": 0.0,
          "precision": 0.0,
          "top_hits": [
            "9833271767933733",
            "fa2623d1872d8d82",
            "76470efaa1044350",
            "c6172979662128f1",
            "6d260c5db3ba2920",
            "1727fc77f8ff9c87",
            "d466a42aca85e23b",
            "59deff36a1d34f60",
            "e1b678968c5fe2c2",
            "bcde5ff79afdeb56"
          ]
        },
        "vector": {
          "recall": 0.0,
          "mrr": 0.0,
          "precision": 0.0,
          "top_hits": [
            "9833271767933733",
            "fa2623d1872d8d82",
            "76470efaa1044350",
            "c6172979662128f1",
            "6d260c5db3ba2920",
            "1727fc77f8ff9c87",
            "d466a42aca85e23b",
            "59deff36a1d34f60",
            "e1b678968c5fe2c2",
            "bcde5ff79afdeb56"
          ]
        },
        "hybrid": {
          "recall": 0.0,
          "mrr": 0.0,
          "precision": 0.0,
          "top_hits": [
            "9833271767933733",
            "fa2623d1872d8d82",
            "76470efaa1044350",
            "c6172979662128f1",
            "6d260c5db3ba2920",
            "1727fc77f8ff9c87",
            "d466a42aca85e23b",
            "59deff36a1d34f60",
            "e1b678968c5fe2c2",
            "bcde5ff79afdeb56"
          ]
        },
        "hyde": {
          "recall": 1.0,
          "mrr": 0.5,
          "precision": 0.1,
          "top_hits": [
            "d466a42aca85e23b",
            "49fe3a3b4cfbcaad",
            "d9964a95928076d6",
            "e586578850e838e2",
            "58396afe932a5535",
            "ed8cec458ab22e76",
            "4f26829f9d24c5ec",
            "b532c9aad360b899",
            "ca36564736360012",
            "227c13cb9e290b78"
          ]
        },
        "hybrid+hyde": {
          "recall": 1.0,
          "mrr": 0.1667,
          "precision": 0.1,
          "top_hits": [
            "d466a42aca85e23b",
            "76470efaa1044350",
            "e1b678968c5fe2c2",
            "9833271767933733",
            "fa2623d1872d8d82",
            "49fe3a3b4cfbcaad",
            "d9964a95928076d6",
            "c6172979662128f1",
            "e586578850e838e2",
            "6d260c5db3ba2920"
          ]
        }
      }
    },
    {
      "query": "how do controlled experiments establish cause and effect",
      "type": "synonym",
      "methods": {
        "fts": {
          "recall": 1.0,
          "mrr": 0.3333,
          "precision": 0.1,
          "top_hits": [
            "c44895219ab14c0a",
            "55df56b49e2cd88c",
            "ddc3f974d46918bd",
            "b6b81b97490e388f",
            "cf2f9efad9cfe26b",
            "135d32fa3f45a0bd",
            "2bebbfeda5509146",
            "68a19e35b81190f8",
            "af1f8058a8accf41",
            "7ed6f4d0b14d08af"
          ]
        },
        "vector": {
          "recall": 1.0,
          "mrr": 0.3333,
          "precision": 0.1,
          "top_hits": [
            "c44895219ab14c0a",
            "55df56b49e2cd88c",
            "ddc3f974d46918bd",
            "b6b81b97490e388f",
            "cf2f9efad9cfe26b",
            "135d32fa3f45a0bd",
            "2bebbfeda5509146",
            "68a19e35b81190f8",
            "af1f8058a8accf41",
            "7ed6f4d0b14d08af"
          ]
        },
        "hybrid": {
          "recall": 1.0,
          "mrr": 0.3333,
          "precision": 0.1,
          "top_hits": [
            "c44895219ab14c0a",
            "55df56b49e2cd88c",
            "ddc3f974d46918bd",
            "b6b81b97490e388f",
            "cf2f9efad9cfe26b",
            "135d32fa3f45a0bd",
            "2bebbfeda5509146",
            "68a19e35b81190f8",
            "af1f8058a8accf41",
            "7ed6f4d0b14d08af"
          ]
        },
        "hyde": {
          "recall": 1.0,
          "mrr": 1.0,
          "precision": 0.1,
          "top_hits": [
            "ddc3f974d46918bd",
            "48ebd60459be74f6",
            "135d32fa3f45a0bd",
            "35b1adace5772dff",
            "c8f54550d32780a0",
            "48fda3737971a6ee",
            "8b5d5e2c2377b9e4",
            "4ac20bbf4c71d6e2",
            "22b18b69f3d53277",
            "3cea8049eaf10f57"
          ]
        },
        "hybrid+hyde": {
          "recall": 1.0,
          "mrr": 1.0,
          "precision": 0.1,
          "top_hits": [
            "ddc3f974d46918bd",
            "135d32fa3f45a0bd",
            "48ebd60459be74f6",
            "dd13d67942f80498",
            "c44895219ab14c0a",
            "55df56b49e2cd88c",
            "b6b81b97490e388f",
            "35b1adace5772dff",
            "cf2f9efad9cfe26b",
            "c8f54550d32780a0"
          ]
        }
      }
    },
    {
      "query": "how do ai systems amplify existing biases",
      "type": "synonym",
      "methods": {
        "fts": {
          "recall": 0.0,
          "mrr": 0.0,
          "precision": 0.0,
          "top_hits": [
            "ff4c334e9e8442be",
            "1c6c6c44577ec3dc",
            "068b0196d617cba2",
            "d50606118aeafdfc",
            "aa8fd547cfa6d7a4",
            "3561ed2500780fed",
            "9833271767933733",
            "bb6eeafc2ad33bfa",
            "072f13f343c52bce",
            "e661915c5d09257b"
          ]
        },
        "vector": {
          "recall": 0.0,
          "mrr": 0.0,
          "precision": 0.0,
          "top_hits": [
            "ff4c334e9e8442be",
            "1c6c6c44577ec3dc",
            "068b0196d617cba2",
            "d50606118aeafdfc",
            "aa8fd547cfa6d7a4",
            "3561ed2500780fed",
            "9833271767933733",
            "bb6eeafc2ad33bfa",
            "072f13f343c52bce",
            "e661915c5d09257b"
          ]
        },
        "hybrid": {
          "recall": 0.0,
          "mrr": 0.0,
          "precision": 0.0,
          "top_hits": [
            "ff4c334e9e8442be",
            "1c6c6c44577ec3dc",
            "068b0196d617cba2",
            "d50606118aeafdfc",
            "aa8fd547cfa6d7a4",
            "3561ed2500780fed",
            "9833271767933733",
            "bb6eeafc2ad33bfa",
            "072f13f343c52bce",
            "e661915c5d09257b"
          ]
        },
        "hyde": {
          "recall": 0.0,
          "mrr": 0.0,
          "precision": 0.0,
          "top_hits": [
            "ff4c334e9e8442be",
            "ca022e71df0d7bbb",
            "a176d65ee0f32766",
            "068b0196d617cba2",
            "4a71604ceaa9ade3",
            "7b7c922253336a48",
            "b38e81a5df14b0ae",
            "1c6c6c44577ec3dc",
            "77c1fb70f9517537",
            "82b164be6d65f76c"
          ]
        },
        "hybrid+hyde": {
          "recall": 0.0,
          "mrr": 0.0,
          "precision": 0.0,
          "top_hits": [
            "ff4c334e9e8442be",
            "068b0196d617cba2",
            "1c6c6c44577ec3dc",
            "77c1fb70f9517537",
            "80073828da02616e",
            "276e2f256075cb43",
            "ca022e71df0d7bbb",
            "a176d65ee0f32766",
            "d50606118aeafdfc",
            "aa8fd547cfa6d7a4"
          ]
        }
      }
    },
    {
      "query": "how do signs get their meaning from the relationship between sign, object, and interpreter",
      "type": "synonym",
      "methods": {
        "fts": {
          "recall": 1.0,
          "mrr": 0.25,
          "precision": 0.1,
          "top_hits": [
            "66e15f6c88383144",
            "e40c2ef073b91f8d",
            "2b25e3486e884e45",
            "12a1f8b5b210a350",
            "654093c8525a9ad2",
            "073c43e39a84829c",
            "a86ee6cf7f65408c",
            "85f3d9ee31e5e055",
            "fd17be0afe8d74b9",
            "771e48924b74942d"
          ]
        },
        "vector": {
          "recall": 1.0,
          "mrr": 0.25,
          "precision": 0.1,
          "top_hits": [
            "66e15f6c88383144",
            "e40c2ef073b91f8d",
            "2b25e3486e884e45",
            "12a1f8b5b210a350",
            "654093c8525a9ad2",
            "073c43e39a84829c",
            "a86ee6cf7f65408c",
            "85f3d9ee31e5e055",
            "fd17be0afe8d74b9",
            "771e48924b74942d"
          ]
        },
        "hybrid": {
          "recall": 1.0,
          "mrr": 0.25,
          "precision": 0.1,
          "top_hits": [
            "66e15f6c88383144",
            "e40c2ef073b91f8d",
            "2b25e3486e884e45",
            "12a1f8b5b210a350",
            "654093c8525a9ad2",
            "073c43e39a84829c",
            "a86ee6cf7f65408c",
            "85f3d9ee31e5e055",
            "fd17be0afe8d74b9",
            "771e48924b74942d"
          ]
        },
        "hyde": {
          "recall": 1.0,
          "mrr": 0.1429,
          "precision": 0.1,
          "top_hits": [
            "e40c2ef073b91f8d",
            "66e15f6c88383144",
            "771e48924b74942d",
            "2b25e3486e884e45",
            "a6dddfa5b05e1155",
            "ae8fdf18a1b123dd",
            "12a1f8b5b210a350",
            "654093c8525a9ad2",
            "8472ffcc73196cb9",
            "f99de88e90d3594d"
          ]
        },
        "hybrid+hyde": {
          "recall": 1.0,
          "mrr": 0.25,
          "precision": 0.1,
          "top_hits": [
            "66e15f6c88383144",
            "e40c2ef073b91f8d",
            "2b25e3486e884e45",
            "12a1f8b5b210a350",
            "771e48924b74942d",
            "654093c8525a9ad2",
            "a6dddfa5b05e1155",
            "85f3d9ee31e5e055",
            "a86ee6cf7f65408c",
            "fd17be0afe8d74b9"
          ]
        }
      }
    },
    {
      "query": "why does the first piece of information anchor our judgment",
      "type": "synonym",
      "methods": {
        "fts": {
          "recall": 1.0,
          "mrr": 1.0,
          "precision": 0.1,
          "top_hits": [
            "31d4c18164a3c895",
            "9635d4202bc03a52",
            "5f44b4fd7694ae46",
            "94caa436677b3f7e",
            "dc7ec7a2c766e096",
            "5088617c9ff2c868",
            "426dd289331d5d64",
            "17c37383cd721cca",
            "5f8f02a82c3ccc08",
            "c7bcc452e5f0bce1"
          ]
        },
        "vector": {
          "recall": 1.0,
          "mrr": 1.0,
          "precision": 0.1,
          "top_hits": [
            "31d4c18164a3c895",
            "9635d4202bc03a52",
            "5f44b4fd7694ae46",
            "94caa436677b3f7e",
            "dc7ec7a2c766e096",
            "5088617c9ff2c868",
            "426dd289331d5d64",
            "17c37383cd721cca",
            "5f8f02a82c3ccc08",
            "c7bcc452e5f0bce1"
          ]
        },
        "hybrid": {
          "recall": 1.0,
          "mrr": 1.0,
          "precision": 0.1,
          "top_hits": [
            "31d4c18164a3c895",
            "9635d4202bc03a52",
            "5f44b4fd7694ae46",
            "94caa436677b3f7e",
            "dc7ec7a2c766e096",
            "5088617c9ff2c868",
            "426dd289331d5d64",
            "17c37383cd721cca",
            "5f8f02a82c3ccc08",
            "c7bcc452e5f0bce1"
          ]
        },
        "hyde": {
          "recall": 1.0,
          "mrr": 1.0,
          "precision": 0.1,
          "top_hits": [
            "31d4c18164a3c895",
            "5f44b4fd7694ae46",
            "94caa436677b3f7e",
            "cf36292ab8fcf606",
            "9635d4202bc03a52",
            "6655b95be5c5afa7",
            "3561ed2500780fed",
            "50668366cd95b6e7",
            "5b92115521bfc48d",
            "1df2a2a132fda570"
          ]
        },
        "hybrid+hyde": {
          "recall": 1.0,
          "mrr": 1.0,
          "precision": 0.1,
          "top_hits": [
            "31d4c18164a3c895",
            "5f44b4fd7694ae46",
            "9635d4202bc03a52",
            "94caa436677b3f7e",
            "5088617c9ff2c868",
            "426dd289331d5d64",
            "1df2a2a132fda570",
            "cf36292ab8fcf606",
            "8ca9f39f4ce65895",
            "c7bcc452e5f0bce1"
          ]
        }
      }
    },
    {
      "query": "how do small consistent investments compound over time",
      "type": "synonym",
      "methods": {
        "fts": {
          "recall": 1.0,
          "mrr": 0.3333,
          "precision": 0.1,
          "top_hits": [
            "999f4cebeecf901f",
            "37c02bd8bffac6c6",
            "318671a7afa2ca0a",
            "258cf377dd8f2ab5",
            "85fb731c1fb41e79",
            "c72f9110907572b2",
            "360cbb500db4119b",
            "19d221190083e815",
            "8a90d644eb258b7a",
            "f00fd1e6fab7dac2"
          ]
        },
        "vector": {
          "recall": 1.0,
          "mrr": 0.3333,
          "precision": 0.1,
          "top_hits": [
            "999f4cebeecf901f",
            "37c02bd8bffac6c6",
            "318671a7afa2ca0a",
            "258cf377dd8f2ab5",
            "85fb731c1fb41e79",
            "c72f9110907572b2",
            "360cbb500db4119b",
            "19d221190083e815",
            "8a90d644eb258b7a",
            "f00fd1e6fab7dac2"
          ]
        },
        "hybrid": {
          "recall": 1.0,
          "mrr": 0.3333,
          "precision": 0.1,
          "top_hits": [
            "999f4cebeecf901f",
            "37c02bd8bffac6c6",
            "318671a7afa2ca0a",
            "258cf377dd8f2ab5",
            "85fb731c1fb41e79",
            "c72f9110907572b2",
            "360cbb500db4119b",
            "19d221190083e815",
            "8a90d644eb258b7a",
            "f00fd1e6fab7dac2"
          ]
        },
        "hyde": {
          "recall": 1.0,
          "mrr": 0.5,
          "precision": 0.1,
          "top_hits": [
            "999f4cebeecf901f",
            "318671a7afa2ca0a",
            "4ba932954060f3b3",
            "b00cd4c02cb7b766",
            "7a3ab77b28599e90",
            "28f6e09eef9341f9",
            "54f0000cd1e48c33",
            "8a90d644eb258b7a",
            "37c02bd8bffac6c6",
            "e29fd0f24f9f6015"
          ]
        },
        "hybrid+hyde": {
          "recall": 1.0,
          "mrr": 0.5,
          "precision": 0.1,
          "top_hits": [
            "999f4cebeecf901f",
            "318671a7afa2ca0a",
            "37c02bd8bffac6c6",
            "b00cd4c02cb7b766",
            "8a90d644eb258b7a",
            "7a3ab77b28599e90",
            "258cf377dd8f2ab5",
            "28f6e09eef9341f9",
            "4ba932954060f3b3",
            "360cbb500db4119b"
          ]
        }
      }
    },
    {
      "query": "how does visual tone and contrast shape a design",
      "type": "synonym",
      "methods": {
        "fts": {
          "recall": 1.0,
          "mrr": 1.0,
          "precision": 0.1,
          "top_hits": [
            "211a5a82380864bc",
            "f9e5cbd677ed27e3",
            "916d153be9723219",
            "c3ec6f86d1d03906",
            "84e3045462e47459",
            "a20adad225bc8edc",
            "890cd3808b662e70",
            "865921264766204b",
            "b2b32e5262193005",
            "f155d8618a3d3d8b"
          ]
        },
        "vector": {
          "recall": 1.0,
          "mrr": 1.0,
          "precision": 0.1,
          "top_hits": [
            "211a5a82380864bc",
            "f9e5cbd677ed27e3",
            "916d153be9723219",
            "c3ec6f86d1d03906",
            "84e3045462e47459",
            "a20adad225bc8edc",
            "890cd3808b662e70",
            "865921264766204b",
            "b2b32e5262193005",
            "f155d8618a3d3d8b"
          ]
        },
        "hybrid": {
          "recall": 1.0,
          "mrr": 1.0,
          "precision": 0.1,
          "top_hits": [
            "211a5a82380864bc",
            "f9e5cbd677ed27e3",
            "916d153be9723219",
            "c3ec6f86d1d03906",
            "84e3045462e47459",
            "a20adad225bc8edc",
            "890cd3808b662e70",
            "865921264766204b",
            "b2b32e5262193005",
            "f155d8618a3d3d8b"
          ]
        },
        "hyde": {
          "recall": 1.0,
          "mrr": 1.0,
          "precision": 0.1,
          "top_hits": [
            "211a5a82380864bc",
            "0d63b54166e5eb1d",
            "f1d9d4b3e8ec4d4c",
            "f251f9259888eb8c",
            "57d2237e78829e22",
            "7df8d71953df38ac",
            "b2b32e5262193005",
            "c21e489a155b27c4",
            "eb47077d0cec3419",
            "f9e5cbd677ed27e3"
          ]
        },
        "hybrid+hyde": {
          "recall": 1.0,
          "mrr": 1.0,
          "precision": 0.1,
          "top_hits": [
            "211a5a82380864bc",
            "f9e5cbd677ed27e3",
            "916d153be9723219",
            "0d63b54166e5eb1d",
            "b2b32e5262193005",
            "f1d9d4b3e8ec4d4c",
            "f251f9259888eb8c",
            "f155d8618a3d3d8b",
            "57d2237e78829e22",
            "c3ec6f86d1d03906"
          ]
        }
      }
    }
  ]
}
